On all EC2 machines with local disk:
# yum update
# amazon-linux-extras install postgresql11
# yum install postgresql-server

============= For machine with local disk only: ============
Partition and format local disk:

# fdisk /dev/nvme1n1

Welcome to fdisk (util-linux 2.30.2).
Changes will remain in memory only, until you decide to write them.
Be careful before using the write command.

Device does not contain a recognized partition table.
Created a new DOS disklabel with disk identifier 0x266390fc.

Command (m for help): n
Partition type
   p   primary (0 primary, 0 extended, 4 free)
   e   extended (container for logical partitions)
Select (default p): p
Partition number (1-4, default 1): 1
First sector (2048-146484374, default 2048):
Last sector, +sectors or +size{K,M,G,T,P} (2048-146484374, default 146484374):

Created a new partition 1 of type 'Linux' and of size 69.9 GiB.

Command (m for help): w
The partition table has been altered.
Calling ioctl() to re-read partition table.
Syncing disks.

# lsblk
NAME          MAJ:MIN RM  SIZE RO TYPE MOUNTPOINT
nvme1n1       259:0    0 69.9G  0 disk
└─nvme1n1p1   259:5    0 69.9G  0 part
nvme0n1       259:1    0   20G  0 disk
├─nvme0n1p1   259:2    0   20G  0 part /
└─nvme0n1p128 259:3    0    1M  0 part

# mkfs.xfs /dev/nvme1n1p1
meta-data=/dev/nvme1n1p1         isize=512    agcount=4, agsize=4577573 blks
         =                       sectsz=512   attr=2, projid32bit=1
         =                       crc=1        finobt=1, sparse=0
data     =                       bsize=4096   blocks=18310290, imaxpct=25
         =                       sunit=0      swidth=0 blks
naming   =version 2              bsize=4096   ascii-ci=0 ftype=1
log      =internal log           bsize=4096   blocks=8940, version=2
         =                       sectsz=512   sunit=0 blks, lazy-count=1
realtime =none                   extsz=4096   blocks=0, rtextents=0

Add this line to /etc/fstab:
/dev/nvme1n1p1  /var/lib/pgsql   xfs     defaults,noatime        0       0

# mount -a

# df -h
Filesystem      Size  Used Avail Use% Mounted on
devtmpfs        7.7G     0  7.7G   0% /dev
tmpfs           7.7G     0  7.7G   0% /dev/shm
tmpfs           7.7G  396K  7.7G   1% /run
tmpfs           7.7G     0  7.7G   0% /sys/fs/cgroup
/dev/nvme0n1p1   20G  1.5G   19G   8% /
tmpfs           1.6G     0  1.6G   0% /run/user/1000
/dev/nvme1n1p1   70G  104M   70G   1% /var/lib/pgsql

# chmod 700 /var/lib/pgsql
# chown postgres:postgres /var/lib/pgsql

============= End of part for machine with local disk only ============

# /usr/bin/postgresql-setup --initdb
# service postgresql start

Add this line to /var/lib/pgsql/data/pg_hba.conf:
host	all		all		0.0.0.0/0			md5

In /var/lib/pgsql/data/postgresql.conf add:
listen_addresses = '*'

# service postgresql restart

To set the password of DB user "postgres":
# su - postgres -c psql
then in the psql prompt:
ALTER ROLE postgres PASSWORD 'the pasword to set';

You should now be able to connect to the server with psql and user postgres.
On your machine (not on the server):
$ psql -h PUT-THE-SERVER-IP-ADDRESS-HERE -U postgres

